Archive member included because of file (symbol)

d:/programs/atmel studio/atmel/extensions/atmel/avrgcc/3.4.1.95/avrtoolchain/bin/../lib/gcc/avr/4.6.2/avr5\libgcc.a(_udivmodhi4.o)
                              HAL/LCD/LCD_PROGRAM.o (__udivmodhi4)
d:/programs/atmel studio/atmel/extensions/atmel/avrgcc/3.4.1.95/avrtoolchain/bin/../lib/gcc/avr/4.6.2/avr5\libgcc.a(_exit.o)
                              d:/programs/atmel studio/atmel/extensions/atmel/avrgcc/3.4.1.95/avrtoolchain/bin/../lib/gcc/avr/4.6.2/../../../../avr/lib/avr5/crtm32.o (exit)
d:/programs/atmel studio/atmel/extensions/atmel/avrgcc/3.4.1.95/avrtoolchain/bin/../lib/gcc/avr/4.6.2/avr5\libgcc.a(_copy_data.o)
                              HAL/LCD/LCD_PROGRAM.o (__do_copy_data)
d:/programs/atmel studio/atmel/extensions/atmel/avrgcc/3.4.1.95/avrtoolchain/bin/../lib/gcc/avr/4.6.2/avr5\libgcc.a(_clear_bss.o)
                              HAL/LCD/LCD_PROGRAM.o (__do_clear_bss)

Allocating common symbols
Common symbol       size              file

sema_arr            0x6               Schedular.o
Task_arr            0xd2              Schedular.o
Number_of_Tasks     0x1               Schedular.o
sema_task           0x4               Schedular_With_Semaphore.o

Memory Configuration

Name             Origin             Length             Attributes
text             0x00000000         0x00020000         xr
data             0x00800060         0x0000ffa0         rw !x
eeprom           0x00810000         0x00010000         rw !x
fuse             0x00820000         0x00000400         rw !x
lock             0x00830000         0x00000400         rw !x
signature        0x00840000         0x00000400         rw !x
*default*        0x00000000         0xffffffff

Linker script and memory map

LOAD d:/programs/atmel studio/atmel/extensions/atmel/avrgcc/3.4.1.95/avrtoolchain/bin/../lib/gcc/avr/4.6.2/../../../../avr/lib/avr5/crtm32.o
LOAD HAL/LCD/LCD_PROGRAM.o
LOAD MCAL/DIO/DIO_PROGRAM.o
LOAD MCAL/GIE/GIE_PROGRAM.o
LOAD MCAL/PORT/PORT_CONFIG.o
LOAD MCAL/PORT/PORT_PROGRAM.o
LOAD MCAL/TMR0/TMR0_PROGRAM.o
LOAD Schedular.o
LOAD Schedular_With_Semaphore.o
START GROUP
LOAD d:/programs/atmel studio/atmel/extensions/atmel/avrgcc/3.4.1.95/avrtoolchain/bin/../lib/gcc/avr/4.6.2/../../../../avr/lib/avr5\libm.a
END GROUP
LOAD d:/programs/atmel studio/atmel/extensions/atmel/avrgcc/3.4.1.95/avrtoolchain/bin/../lib/gcc/avr/4.6.2/avr5\libgcc.a
LOAD d:/programs/atmel studio/atmel/extensions/atmel/avrgcc/3.4.1.95/avrtoolchain/bin/../lib/gcc/avr/4.6.2/../../../../avr/lib/avr5\libc.a
LOAD d:/programs/atmel studio/atmel/extensions/atmel/avrgcc/3.4.1.95/avrtoolchain/bin/../lib/gcc/avr/4.6.2/avr5\libgcc.a

.hash
 *(.hash)

.dynsym
 *(.dynsym)

.dynstr
 *(.dynstr)

.gnu.version
 *(.gnu.version)

.gnu.version_d
 *(.gnu.version_d)

.gnu.version_r
 *(.gnu.version_r)

.rel.init
 *(.rel.init)

.rela.init
 *(.rela.init)

.rel.text
 *(.rel.text)
 *(.rel.text.*)
 *(.rel.gnu.linkonce.t*)

.rela.text
 *(.rela.text)
 *(.rela.text.*)
 *(.rela.gnu.linkonce.t*)

.rel.fini
 *(.rel.fini)

.rela.fini
 *(.rela.fini)

.rel.rodata
 *(.rel.rodata)
 *(.rel.rodata.*)
 *(.rel.gnu.linkonce.r*)

.rela.rodata
 *(.rela.rodata)
 *(.rela.rodata.*)
 *(.rela.gnu.linkonce.r*)

.rel.data
 *(.rel.data)
 *(.rel.data.*)
 *(.rel.gnu.linkonce.d*)

.rela.data
 *(.rela.data)
 *(.rela.data.*)
 *(.rela.gnu.linkonce.d*)

.rel.ctors
 *(.rel.ctors)

.rela.ctors
 *(.rela.ctors)

.rel.dtors
 *(.rel.dtors)

.rela.dtors
 *(.rela.dtors)

.rel.got
 *(.rel.got)

.rela.got
 *(.rela.got)

.rel.bss
 *(.rel.bss)

.rela.bss
 *(.rela.bss)

.rel.plt
 *(.rel.plt)

.rela.plt
 *(.rela.plt)

.text           0x00000000      0xbea
 *(.vectors)
 .vectors       0x00000000       0x54 d:/programs/atmel studio/atmel/extensions/atmel/avrgcc/3.4.1.95/avrtoolchain/bin/../lib/gcc/avr/4.6.2/../../../../avr/lib/avr5/crtm32.o
                0x00000000                __vector_default
                0x00000000                __vectors
 *(.vectors)
 *(.progmem.gcc*)
 *(.progmem*)
                0x00000054                . = ALIGN (0x2)
                0x00000054                __trampolines_start = .
 *(.trampolines)
 .trampolines   0x00000054        0x0 linker stubs
 *(.trampolines*)
                0x00000054                __trampolines_end = .
 *(.jumptables)
 *(.jumptables*)
 *(.lowtext)
 *(.lowtext*)
                0x00000054                __ctors_start = .
 *(.ctors)
                0x00000054                __ctors_end = .
                0x00000054                __dtors_start = .
 *(.dtors)
                0x00000054                __dtors_end = .
 SORT(*)(.ctors)
 SORT(*)(.dtors)
 *(.init0)
 .init0         0x00000054        0x0 d:/programs/atmel studio/atmel/extensions/atmel/avrgcc/3.4.1.95/avrtoolchain/bin/../lib/gcc/avr/4.6.2/../../../../avr/lib/avr5/crtm32.o
                0x00000054                __init
 *(.init0)
 *(.init1)
 *(.init1)
 *(.init2)
 .init2         0x00000054        0xc d:/programs/atmel studio/atmel/extensions/atmel/avrgcc/3.4.1.95/avrtoolchain/bin/../lib/gcc/avr/4.6.2/../../../../avr/lib/avr5/crtm32.o
 *(.init2)
 *(.init3)
 *(.init3)
 *(.init4)
 .init4         0x00000060       0x16 d:/programs/atmel studio/atmel/extensions/atmel/avrgcc/3.4.1.95/avrtoolchain/bin/../lib/gcc/avr/4.6.2/avr5\libgcc.a(_copy_data.o)
                0x00000060                __do_copy_data
 .init4         0x00000076       0x10 d:/programs/atmel studio/atmel/extensions/atmel/avrgcc/3.4.1.95/avrtoolchain/bin/../lib/gcc/avr/4.6.2/avr5\libgcc.a(_clear_bss.o)
                0x00000076                __do_clear_bss
 *(.init4)
 *(.init5)
 *(.init5)
 *(.init6)
 *(.init6)
 *(.init7)
 *(.init7)
 *(.init8)
 *(.init8)
 *(.init9)
 .init9         0x00000086        0x8 d:/programs/atmel studio/atmel/extensions/atmel/avrgcc/3.4.1.95/avrtoolchain/bin/../lib/gcc/avr/4.6.2/../../../../avr/lib/avr5/crtm32.o
 *(.init9)
 *(.text)
 .text          0x0000008e        0x4 d:/programs/atmel studio/atmel/extensions/atmel/avrgcc/3.4.1.95/avrtoolchain/bin/../lib/gcc/avr/4.6.2/../../../../avr/lib/avr5/crtm32.o
                0x0000008e                __vector_1
                0x0000008e                __vector_12
                0x0000008e                __bad_interrupt
                0x0000008e                __vector_6
                0x0000008e                __vector_3
                0x0000008e                __vector_13
                0x0000008e                __vector_17
                0x0000008e                __vector_19
                0x0000008e                __vector_7
                0x0000008e                __vector_5
                0x0000008e                __vector_4
                0x0000008e                __vector_9
                0x0000008e                __vector_2
                0x0000008e                __vector_15
                0x0000008e                __vector_8
                0x0000008e                __vector_14
                0x0000008e                __vector_16
                0x0000008e                __vector_18
                0x0000008e                __vector_20
 .text          0x00000092      0x28e HAL/LCD/LCD_PROGRAM.o
                0x000000bc                LCD_SendCMD
                0x0000014e                LCD_Init
                0x000001bc                LCD_SendData
                0x0000024e                LCD_SendString
                0x0000026c                LCD_Send_XY
                0x000002a8                LCD_vSendNumber
 .text          0x00000320      0x2bc MCAL/DIO/DIO_PROGRAM.o
                0x00000320                Dio_WriteChannel
                0x00000432                Dio_ReadChannel
                0x000004ae                Dio_ReadPort
                0x000004d0                Dio_WritePort
                0x000004f2                Dio_FlipChannel
 .text          0x000005dc       0x10 MCAL/GIE/GIE_PROGRAM.o
                0x000005dc                GI_vEnable
                0x000005e4                GI_vDisable
 .text          0x000005ec        0x0 MCAL/PORT/PORT_CONFIG.o
 .text          0x000005ec      0x112 MCAL/PORT/PORT_PROGRAM.o
                0x000005ec                Port_Init
 .text          0x000006fe      0x14a MCAL/TMR0/TMR0_PROGRAM.o
                0x000006fe                TMR0_vInit
                0x00000712                TMR0_vStart
                0x00000726                TMR0_vStop
                0x0000072e                TMR0_vSetDutyCycle_PWM
                0x00000730                TMR0_vSetCompareMatchValue
                0x00000734                TMR0_vSetDelay_ms_UsingCTC
                0x00000742                TMR0_vSetCallBack_OVF
                0x0000074c                TMR0_vSetCallBack_COMP
                0x00000756                __vector_11
                0x000007ce                __vector_10
 .text          0x00000848      0x2ca Schedular.o
                0x00000848                Create_Task
                0x000008f2                Task_Delete
                0x00000982                Schedular
                0x00000a80                TMR0_ISR
                0x00000a86                Start_System
                0x00000aa8                Create_SemaphoreBinary
                0x00000ad4                Semaphore_Take
                0x00000afc                Semaphore_Give
                0x00000b04                Semaphore_Delete
 .text          0x00000b12       0xac Schedular_With_Semaphore.o
                0x00000b12                Task3
                0x00000b1a                Task2
                0x00000b36                Task1
                0x00000b6a                main
 .text          0x00000bbe        0x0 d:/programs/atmel studio/atmel/extensions/atmel/avrgcc/3.4.1.95/avrtoolchain/bin/../lib/gcc/avr/4.6.2/avr5\libgcc.a(_udivmodhi4.o)
 .text          0x00000bbe        0x0 d:/programs/atmel studio/atmel/extensions/atmel/avrgcc/3.4.1.95/avrtoolchain/bin/../lib/gcc/avr/4.6.2/avr5\libgcc.a(_exit.o)
 .text          0x00000bbe        0x0 d:/programs/atmel studio/atmel/extensions/atmel/avrgcc/3.4.1.95/avrtoolchain/bin/../lib/gcc/avr/4.6.2/avr5\libgcc.a(_copy_data.o)
 .text          0x00000bbe        0x0 d:/programs/atmel studio/atmel/extensions/atmel/avrgcc/3.4.1.95/avrtoolchain/bin/../lib/gcc/avr/4.6.2/avr5\libgcc.a(_clear_bss.o)
                0x00000bbe                . = ALIGN (0x2)
 *(.text.*)
 .text.libgcc   0x00000bbe       0x28 d:/programs/atmel studio/atmel/extensions/atmel/avrgcc/3.4.1.95/avrtoolchain/bin/../lib/gcc/avr/4.6.2/avr5\libgcc.a(_udivmodhi4.o)
                0x00000bbe                __udivmodhi4
 .text.libgcc   0x00000be6        0x0 d:/programs/atmel studio/atmel/extensions/atmel/avrgcc/3.4.1.95/avrtoolchain/bin/../lib/gcc/avr/4.6.2/avr5\libgcc.a(_exit.o)
 .text.libgcc   0x00000be6        0x0 d:/programs/atmel studio/atmel/extensions/atmel/avrgcc/3.4.1.95/avrtoolchain/bin/../lib/gcc/avr/4.6.2/avr5\libgcc.a(_copy_data.o)
 .text.libgcc   0x00000be6        0x0 d:/programs/atmel studio/atmel/extensions/atmel/avrgcc/3.4.1.95/avrtoolchain/bin/../lib/gcc/avr/4.6.2/avr5\libgcc.a(_clear_bss.o)
                0x00000be6                . = ALIGN (0x2)
 *(.fini9)
 .fini9         0x00000be6        0x0 d:/programs/atmel studio/atmel/extensions/atmel/avrgcc/3.4.1.95/avrtoolchain/bin/../lib/gcc/avr/4.6.2/avr5\libgcc.a(_exit.o)
                0x00000be6                _exit
                0x00000be6                exit
 *(.fini9)
 *(.fini8)
 *(.fini8)
 *(.fini7)
 *(.fini7)
 *(.fini6)
 *(.fini6)
 *(.fini5)
 *(.fini5)
 *(.fini4)
 *(.fini4)
 *(.fini3)
 *(.fini3)
 *(.fini2)
 *(.fini2)
 *(.fini1)
 *(.fini1)
 *(.fini0)
 .fini0         0x00000be6        0x4 d:/programs/atmel studio/atmel/extensions/atmel/avrgcc/3.4.1.95/avrtoolchain/bin/../lib/gcc/avr/4.6.2/avr5\libgcc.a(_exit.o)
 *(.fini0)
                0x00000bea                _etext = .

.data           0x00800060       0x42 load address 0x00000bea
                0x00800060                PROVIDE (__data_start, .)
 *(.data)
 .data          0x00800060        0x0 d:/programs/atmel studio/atmel/extensions/atmel/avrgcc/3.4.1.95/avrtoolchain/bin/../lib/gcc/avr/4.6.2/../../../../avr/lib/avr5/crtm32.o
 .data          0x00800060        0x0 HAL/LCD/LCD_PROGRAM.o
 .data          0x00800060        0x0 MCAL/DIO/DIO_PROGRAM.o
 .data          0x00800060        0x0 MCAL/GIE/GIE_PROGRAM.o
 .data          0x00800060       0x1e MCAL/PORT/PORT_CONFIG.o
                0x00800060                Port_cngs
 .data          0x0080007e        0x0 MCAL/PORT/PORT_PROGRAM.o
 .data          0x0080007e        0x0 MCAL/TMR0/TMR0_PROGRAM.o
 .data          0x0080007e        0x2 Schedular.o
                0x0080007e                choose_Done
                0x0080007f                chosen_task
 .data          0x00800080       0x21 Schedular_With_Semaphore.o
 .data          0x008000a1        0x0 d:/programs/atmel studio/atmel/extensions/atmel/avrgcc/3.4.1.95/avrtoolchain/bin/../lib/gcc/avr/4.6.2/avr5\libgcc.a(_udivmodhi4.o)
 .data          0x008000a1        0x0 d:/programs/atmel studio/atmel/extensions/atmel/avrgcc/3.4.1.95/avrtoolchain/bin/../lib/gcc/avr/4.6.2/avr5\libgcc.a(_exit.o)
 .data          0x008000a1        0x0 d:/programs/atmel studio/atmel/extensions/atmel/avrgcc/3.4.1.95/avrtoolchain/bin/../lib/gcc/avr/4.6.2/avr5\libgcc.a(_copy_data.o)
 .data          0x008000a1        0x0 d:/programs/atmel studio/atmel/extensions/atmel/avrgcc/3.4.1.95/avrtoolchain/bin/../lib/gcc/avr/4.6.2/avr5\libgcc.a(_clear_bss.o)
 *(.data*)
 *(.rodata)
 *(.rodata*)
 *(.gnu.linkonce.d*)
                0x008000a2                . = ALIGN (0x2)
 *fill*         0x008000a1        0x1 00
                0x008000a2                _edata = .
                0x008000a2                PROVIDE (__data_end, .)

.bss            0x008000a2       0xec
                0x008000a2                PROVIDE (__bss_start, .)
 *(.bss)
 .bss           0x008000a2        0x0 d:/programs/atmel studio/atmel/extensions/atmel/avrgcc/3.4.1.95/avrtoolchain/bin/../lib/gcc/avr/4.6.2/../../../../avr/lib/avr5/crtm32.o
 .bss           0x008000a2        0x0 HAL/LCD/LCD_PROGRAM.o
 .bss           0x008000a2        0x0 MCAL/DIO/DIO_PROGRAM.o
 .bss           0x008000a2        0x0 MCAL/GIE/GIE_PROGRAM.o
 .bss           0x008000a2        0x0 MCAL/PORT/PORT_CONFIG.o
 .bss           0x008000a2        0x0 MCAL/PORT/PORT_PROGRAM.o
 .bss           0x008000a2        0xa MCAL/TMR0/TMR0_PROGRAM.o
 .bss           0x008000ac        0x5 Schedular.o
                0x008000ac                Number_of_Semaphores
 .bss           0x008000b1        0x0 Schedular_With_Semaphore.o
 .bss           0x008000b1        0x0 d:/programs/atmel studio/atmel/extensions/atmel/avrgcc/3.4.1.95/avrtoolchain/bin/../lib/gcc/avr/4.6.2/avr5\libgcc.a(_udivmodhi4.o)
 .bss           0x008000b1        0x0 d:/programs/atmel studio/atmel/extensions/atmel/avrgcc/3.4.1.95/avrtoolchain/bin/../lib/gcc/avr/4.6.2/avr5\libgcc.a(_exit.o)
 .bss           0x008000b1        0x0 d:/programs/atmel studio/atmel/extensions/atmel/avrgcc/3.4.1.95/avrtoolchain/bin/../lib/gcc/avr/4.6.2/avr5\libgcc.a(_copy_data.o)
 .bss           0x008000b1        0x0 d:/programs/atmel studio/atmel/extensions/atmel/avrgcc/3.4.1.95/avrtoolchain/bin/../lib/gcc/avr/4.6.2/avr5\libgcc.a(_clear_bss.o)
 *(.bss*)
 *(COMMON)
 COMMON         0x008000b1       0xd9 Schedular.o
                0x008000b1                sema_arr
                0x008000b7                Task_arr
                0x00800189                Number_of_Tasks
 COMMON         0x0080018a        0x4 Schedular_With_Semaphore.o
                0x0080018a                sema_task
                0x0080018e                PROVIDE (__bss_end, .)
                0x00000bea                __data_load_start = LOADADDR (.data)
                0x00000c2c                __data_load_end = (__data_load_start + SIZEOF (.data))

.noinit         0x0080018e        0x0
                0x0080018e                PROVIDE (__noinit_start, .)
 *(.noinit*)
                0x0080018e                PROVIDE (__noinit_end, .)
                0x0080018e                _end = .
                0x0080018e                PROVIDE (__heap_start, .)

.eeprom         0x00810000        0x0
 *(.eeprom*)
                0x00810000                __eeprom_end = .

.fuse
 *(.fuse)
 *(.lfuse)
 *(.hfuse)
 *(.efuse)

.lock
 *(.lock*)

.signature
 *(.signature*)

.stab           0x00000000      0x6cc
 *(.stab)
 .stab          0x00000000      0x6cc d:/programs/atmel studio/atmel/extensions/atmel/avrgcc/3.4.1.95/avrtoolchain/bin/../lib/gcc/avr/4.6.2/../../../../avr/lib/avr5/crtm32.o

.stabstr        0x00000000       0x85
 *(.stabstr)
 .stabstr       0x00000000       0x85 d:/programs/atmel studio/atmel/extensions/atmel/avrgcc/3.4.1.95/avrtoolchain/bin/../lib/gcc/avr/4.6.2/../../../../avr/lib/avr5/crtm32.o

.stab.excl
 *(.stab.excl)

.stab.exclstr
 *(.stab.exclstr)

.stab.index
 *(.stab.index)

.stab.indexstr
 *(.stab.indexstr)

.comment
 *(.comment)

.debug
 *(.debug)

.line
 *(.line)

.debug_srcinfo
 *(.debug_srcinfo)

.debug_sfnames
 *(.debug_sfnames)

.debug_aranges  0x00000000      0x160
 *(.debug_aranges)
 .debug_aranges
                0x00000000       0x20 HAL/LCD/LCD_PROGRAM.o
 .debug_aranges
                0x00000020       0x20 MCAL/DIO/DIO_PROGRAM.o
 .debug_aranges
                0x00000040       0x20 MCAL/GIE/GIE_PROGRAM.o
 .debug_aranges
                0x00000060       0x20 MCAL/PORT/PORT_PROGRAM.o
 .debug_aranges
                0x00000080       0x20 MCAL/TMR0/TMR0_PROGRAM.o
 .debug_aranges
                0x000000a0       0x20 Schedular.o
 .debug_aranges
                0x000000c0       0x20 Schedular_With_Semaphore.o
 .debug_aranges
                0x000000e0       0x20 d:/programs/atmel studio/atmel/extensions/atmel/avrgcc/3.4.1.95/avrtoolchain/bin/../lib/gcc/avr/4.6.2/avr5\libgcc.a(_udivmodhi4.o)
 .debug_aranges
                0x00000100       0x20 d:/programs/atmel studio/atmel/extensions/atmel/avrgcc/3.4.1.95/avrtoolchain/bin/../lib/gcc/avr/4.6.2/avr5\libgcc.a(_exit.o)
 .debug_aranges
                0x00000120       0x20 d:/programs/atmel studio/atmel/extensions/atmel/avrgcc/3.4.1.95/avrtoolchain/bin/../lib/gcc/avr/4.6.2/avr5\libgcc.a(_copy_data.o)
 .debug_aranges
                0x00000140       0x20 d:/programs/atmel studio/atmel/extensions/atmel/avrgcc/3.4.1.95/avrtoolchain/bin/../lib/gcc/avr/4.6.2/avr5\libgcc.a(_clear_bss.o)

.debug_pubnames
 *(.debug_pubnames)

.debug_info     0x00000000     0x1788
 *(.debug_info)
 .debug_info    0x00000000      0x51a HAL/LCD/LCD_PROGRAM.o
 .debug_info    0x0000051a      0x2b9 MCAL/DIO/DIO_PROGRAM.o
 .debug_info    0x000007d3       0xa0 MCAL/GIE/GIE_PROGRAM.o
 .debug_info    0x00000873      0x163 MCAL/PORT/PORT_CONFIG.o
 .debug_info    0x000009d6      0x19c MCAL/PORT/PORT_PROGRAM.o
 .debug_info    0x00000b72      0x228 MCAL/TMR0/TMR0_PROGRAM.o
 .debug_info    0x00000d9a      0x43d Schedular.o
 .debug_info    0x000011d7      0x23d Schedular_With_Semaphore.o
 .debug_info    0x00001414       0xdd d:/programs/atmel studio/atmel/extensions/atmel/avrgcc/3.4.1.95/avrtoolchain/bin/../lib/gcc/avr/4.6.2/avr5\libgcc.a(_udivmodhi4.o)
 .debug_info    0x000014f1       0xdd d:/programs/atmel studio/atmel/extensions/atmel/avrgcc/3.4.1.95/avrtoolchain/bin/../lib/gcc/avr/4.6.2/avr5\libgcc.a(_exit.o)
 .debug_info    0x000015ce       0xdd d:/programs/atmel studio/atmel/extensions/atmel/avrgcc/3.4.1.95/avrtoolchain/bin/../lib/gcc/avr/4.6.2/avr5\libgcc.a(_copy_data.o)
 .debug_info    0x000016ab       0xdd d:/programs/atmel studio/atmel/extensions/atmel/avrgcc/3.4.1.95/avrtoolchain/bin/../lib/gcc/avr/4.6.2/avr5\libgcc.a(_clear_bss.o)
 *(.gnu.linkonce.wi.*)

.debug_abbrev   0x00000000      0x764
 *(.debug_abbrev)
 .debug_abbrev  0x00000000      0x198 HAL/LCD/LCD_PROGRAM.o
 .debug_abbrev  0x00000198       0xd0 MCAL/DIO/DIO_PROGRAM.o
 .debug_abbrev  0x00000268       0x41 MCAL/GIE/GIE_PROGRAM.o
 .debug_abbrev  0x000002a9       0x90 MCAL/PORT/PORT_CONFIG.o
 .debug_abbrev  0x00000339       0xc3 MCAL/PORT/PORT_PROGRAM.o
 .debug_abbrev  0x000003fc       0xb3 MCAL/TMR0/TMR0_PROGRAM.o
 .debug_abbrev  0x000004af      0x17d Schedular.o
 .debug_abbrev  0x0000062c       0xe8 Schedular_With_Semaphore.o
 .debug_abbrev  0x00000714       0x14 d:/programs/atmel studio/atmel/extensions/atmel/avrgcc/3.4.1.95/avrtoolchain/bin/../lib/gcc/avr/4.6.2/avr5\libgcc.a(_udivmodhi4.o)
 .debug_abbrev  0x00000728       0x14 d:/programs/atmel studio/atmel/extensions/atmel/avrgcc/3.4.1.95/avrtoolchain/bin/../lib/gcc/avr/4.6.2/avr5\libgcc.a(_exit.o)
 .debug_abbrev  0x0000073c       0x14 d:/programs/atmel studio/atmel/extensions/atmel/avrgcc/3.4.1.95/avrtoolchain/bin/../lib/gcc/avr/4.6.2/avr5\libgcc.a(_copy_data.o)
 .debug_abbrev  0x00000750       0x14 d:/programs/atmel studio/atmel/extensions/atmel/avrgcc/3.4.1.95/avrtoolchain/bin/../lib/gcc/avr/4.6.2/avr5\libgcc.a(_clear_bss.o)

.debug_line     0x00000000      0x970
 *(.debug_line)
 .debug_line    0x00000000      0x265 HAL/LCD/LCD_PROGRAM.o
 .debug_line    0x00000265       0xc3 MCAL/DIO/DIO_PROGRAM.o
 .debug_line    0x00000328       0x71 MCAL/GIE/GIE_PROGRAM.o
 .debug_line    0x00000399       0x7c MCAL/PORT/PORT_CONFIG.o
 .debug_line    0x00000415       0xd0 MCAL/PORT/PORT_PROGRAM.o
 .debug_line    0x000004e5       0xa7 MCAL/TMR0/TMR0_PROGRAM.o
 .debug_line    0x0000058c       0xef Schedular.o
 .debug_line    0x0000067b       0xb4 Schedular_With_Semaphore.o
 .debug_line    0x0000072f       0x9a d:/programs/atmel studio/atmel/extensions/atmel/avrgcc/3.4.1.95/avrtoolchain/bin/../lib/gcc/avr/4.6.2/avr5\libgcc.a(_udivmodhi4.o)
 .debug_line    0x000007c9       0x88 d:/programs/atmel studio/atmel/extensions/atmel/avrgcc/3.4.1.95/avrtoolchain/bin/../lib/gcc/avr/4.6.2/avr5\libgcc.a(_exit.o)
 .debug_line    0x00000851       0x91 d:/programs/atmel studio/atmel/extensions/atmel/avrgcc/3.4.1.95/avrtoolchain/bin/../lib/gcc/avr/4.6.2/avr5\libgcc.a(_copy_data.o)
 .debug_line    0x000008e2       0x8e d:/programs/atmel studio/atmel/extensions/atmel/avrgcc/3.4.1.95/avrtoolchain/bin/../lib/gcc/avr/4.6.2/avr5\libgcc.a(_clear_bss.o)

.debug_frame    0x00000000      0x41c
 *(.debug_frame)
 .debug_frame   0x00000000       0xc0 HAL/LCD/LCD_PROGRAM.o
 .debug_frame   0x000000c0       0x64 MCAL/DIO/DIO_PROGRAM.o
 .debug_frame   0x00000124       0x34 MCAL/GIE/GIE_PROGRAM.o
 .debug_frame   0x00000158       0x30 MCAL/PORT/PORT_PROGRAM.o
 .debug_frame   0x00000188      0x144 MCAL/TMR0/TMR0_PROGRAM.o
 .debug_frame   0x000002cc       0xf0 Schedular.o
 .debug_frame   0x000003bc       0x60 Schedular_With_Semaphore.o

.debug_str      0x00000000      0x787
 *(.debug_str)
 .debug_str     0x00000000      0x25b HAL/LCD/LCD_PROGRAM.o
                                0x2a0 (size before relaxing)
 .debug_str     0x0000025b       0xe2 MCAL/DIO/DIO_PROGRAM.o
                                0x274 (size before relaxing)
 .debug_str     0x0000033d       0x31 MCAL/GIE/GIE_PROGRAM.o
                                0x112 (size before relaxing)
 .debug_str     0x0000036e       0xb9 MCAL/PORT/PORT_CONFIG.o
                                0x1e1 (size before relaxing)
 .debug_str     0x00000427       0x26 MCAL/PORT/PORT_PROGRAM.o
                                0x1ec (size before relaxing)
 .debug_str     0x0000044d      0x168 MCAL/TMR0/TMR0_PROGRAM.o
                                0x249 (size before relaxing)
 .debug_str     0x000005b5      0x191 Schedular.o
                                0x27f (size before relaxing)
 .debug_str     0x00000746       0x41 Schedular_With_Semaphore.o
                                0x1ff (size before relaxing)

.debug_loc      0x00000000      0x969
 *(.debug_loc)
 .debug_loc     0x00000000      0x248 HAL/LCD/LCD_PROGRAM.o
 .debug_loc     0x00000248      0x268 MCAL/DIO/DIO_PROGRAM.o
 .debug_loc     0x000004b0       0x43 MCAL/PORT/PORT_PROGRAM.o
 .debug_loc     0x000004f3      0x196 MCAL/TMR0/TMR0_PROGRAM.o
 .debug_loc     0x00000689      0x2b1 Schedular.o
 .debug_loc     0x0000093a       0x2f Schedular_With_Semaphore.o

.debug_macinfo
 *(.debug_macinfo)
OUTPUT(Schedular_With_Semaphore.elf elf32-avr)
LOAD linker stubs

.debug_ranges   0x00000000       0x18
 .debug_ranges  0x00000000       0x18 Schedular.o
